<html>
<body>
<pre>
<h1>礦ision Build Log</h1>
<h2>Tool Versions:</h2>
IDE-Version: μVision V5.14.0.0
Copyright (C) 2015 ARM Ltd and ARM Germany GmbH. All rights reserved.
License Information: 1 1, 1, LIC=FYKYW-QMQ38-01BP1-C1UGF-F88HC-E6FJW
 
Tool Versions:
Toolchain:       MDK-ARM Standard  Version: 5.14.0.0
Toolchain Path:  C:\Keil_v5\ARM\ARMCC\Bin
C Compiler:      Armcc.exe V5.05 update 1 (build 106)
Assembler:       Armasm.exe V5.05 update 1 (build 106)
Linker/Locator:  ArmLink.exe V5.05 update 1 (build 106)
Library Manager: ArmAr.exe V5.05 update 1 (build 106)
Hex Converter:   FromElf.exe V5.05 update 1 (build 106)
CPU DLL:         SARMCM3.DLL V5.14.0.0
Dialog DLL:      DCM.DLL V1.13.1.0
Target DLL:      UL2CM3.DLL V1.155.0.0
Dialog DLL:      TCM.DLL V1.14.4.0
 
<h2>Project:</h2>
C:\Users\DELL\Desktop\share(3)\share\stm32\传感器单独测试程序\project\USER\pro.uvprojx
Project File Date:  04/19/2026

<h2>Output:</h2>
Build target 'project'
assembling startup_stm32f40_41xxx.s...
compiling misc.c...
compiling stm32f4xx_gpio.c...
compiling stm32f4xx_rcc.c...
compiling stm32f4xx_usart.c...
compiling stm32f4xx_syscfg.c...
compiling stm32f4xx_adc.c...
compiling stm32f4xx_exti.c...
compiling system_stm32f4xx.c...
compiling delay.c...
compiling sys.c...
compiling uart.c...
compiling exti.c...
compiling stm32f4xx_it.c...
compiling main.c...
compiling MKS141.c...
compiling PulseSensor.c...
compiling AS6221.c...
compiling arm.c...
linking...
Program Size: Code=5008 RO-data=424 RW-data=36 ZI-data=1196  
FromELF: creating hex file...
"..\OBJ\pro.axf" - 0 Error(s), 0 Warning(s).

<h2>Collection of Component include folders:</h2>
  C:\Users\DELL\Desktop\share(3)\share\stm32\传感器单独测试程序\project\USER\RTE
  C:\Keil_v5\ARM\PACK\Keil\STM32F4xx_DFP\1.0.8\Device\Include

<h2>Collection of Component Files used:</h2>
</pre>
</body>
</html>
